Buildfile: D:\Jogos\Lineage II\Servidores\Lucera\Souce\main\Full-build.xml

init:

compile-commons:
   [delete] Deleting directory D:\Jogos\Lineage II\Servidores\Lucera\Souce\main\build\classes
    [mkdir] Created dir: D:\Jogos\Lineage II\Servidores\Lucera\Souce\main\build\classes
    [javac] Compiling 81 source files to D:\Jogos\Lineage II\Servidores\Lucera\Souce\main\build\classes

commons-jar:
      [jar] Building jar: D:\Jogos\Lineage II\Servidores\Lucera\Souce\main\build\commons.jar

init:

compile-commons:
   [delete] Deleting directory D:\Jogos\Lineage II\Servidores\Lucera\Souce\main\build\classes
    [mkdir] Created dir: D:\Jogos\Lineage II\Servidores\Lucera\Souce\main\build\classes
    [javac] Compiling 81 source files to D:\Jogos\Lineage II\Servidores\Lucera\Souce\main\build\classes

commons-jar:
      [jar] Building jar: D:\Jogos\Lineage II\Servidores\Lucera\Souce\main\build\commons.jar

compile-gameserver:
   [delete] Deleting directory D:\Jogos\Lineage II\Servidores\Lucera\Souce\main\build\classes
    [mkdir] Created dir: D:\Jogos\Lineage II\Servidores\Lucera\Souce\main\build\classes
    [javac] Compiling 1571 source files to D:\Jogos\Lineage II\Servidores\Lucera\Souce\main\build\classes
    [javac] D:\Jogos\Lineage II\Servidores\Lucera\Souce\main\java\l2\gameserver\model\Player.java:1301: warning: [deprecation] Msg in l2.gameserver.cache has been deprecated
    [javac] 				sendPacket(Msg.PROGRESS_IN_A_QUEST_IS_POSSIBLE_ONLY_WHEN_YOUR_INVENTORYS_WEIGHT_AND_VOLUME_ARE_LESS_THAN_80_PERCENT_OF_CAPACITY);
    [javac] 				           ^
    [javac] D:\Jogos\Lineage II\Servidores\Lucera\Souce\main\java\l2\gameserver\model\Player.java:3290: warning: [deprecation] Msg in l2.gameserver.cache has been deprecated
    [javac] 			sendPacket(Msg.YOU_HAVE_INCREASED_YOUR_LEVEL);
    [javac] 			           ^
    [javac] D:\Jogos\Lineage II\Servidores\Lucera\Souce\main\java\l2\gameserver\model\Player.java:4866: warning: [deprecation] Msg in l2.gameserver.cache has been deprecated
    [javac] 			sendPacket(Msg.YOU_HAVE_FAILED_TO_REGISTER_THE_USER_TO_YOUR_IGNORE_LIST);
    [javac] 			           ^
    [javac] D:\Jogos\Lineage II\Servidores\Lucera\Souce\main\java\l2\gameserver\model\Player.java:4872: warning: [deprecation] Msg in l2.gameserver.cache has been deprecated
    [javac] 				sendPacket(Msg.YOU_MAY_NOT_IMPOSE_A_BLOCK_ON_A_GM);
    [javac] 				           ^
    [javac] D:\Jogos\Lineage II\Servidores\Lucera\Souce\main\java\l2\gameserver\model\Player.java:4882: warning: [deprecation] Msg in l2.gameserver.cache has been deprecated
    [javac] 			sendPacket(Msg.YOU_HAVE_FAILED_TO_REGISTER_THE_USER_TO_YOUR_IGNORE_LIST);
    [javac] 			           ^
    [javac] D:\Jogos\Lineage II\Servidores\Lucera\Souce\main\java\l2\gameserver\model\Player.java:4886: warning: [deprecation] Msg in l2.gameserver.cache has been deprecated
    [javac] 			sendPacket(Msg.YOU_MAY_NOT_IMPOSE_A_BLOCK_ON_A_GM);
    [javac] 			           ^
    [javac] D:\Jogos\Lineage II\Servidores\Lucera\Souce\main\java\l2\gameserver\model\Player.java:4904: warning: [deprecation] Msg in l2.gameserver.cache has been deprecated
    [javac] 			sendPacket(Msg.YOU_HAVE_FAILED_TO_DELETE_THE_CHARACTER_FROM_IGNORE_LIST);
    [javac] 			           ^
    [javac] D:\Jogos\Lineage II\Servidores\Lucera\Souce\main\java\l2\gameserver\model\Player.java:5490: warning: [deprecation] Msg in l2.gameserver.cache has been deprecated
    [javac] 				reviver.sendPacket(Msg.BETTER_RESURRECTION_HAS_BEEN_ALREADY_PROPOSED);
    [javac] 				                   ^
    [javac] D:\Jogos\Lineage II\Servidores\Lucera\Souce\main\java\l2\gameserver\model\Player.java:5494: warning: [deprecation] Msg in l2.gameserver.cache has been deprecated
    [javac] 				reviver.sendPacket(Msg.SINCE_THE_MASTER_WAS_IN_THE_PROCESS_OF_BEING_RESURRECTED_THE_ATTEMPT_TO_RESURRECT_THE_PET_HAS_BEEN_CANCELLED);
    [javac] 				                   ^
    [javac] D:\Jogos\Lineage II\Servidores\Lucera\Souce\main\java\l2\gameserver\model\Player.java:5498: warning: [deprecation] Msg in l2.gameserver.cache has been deprecated
    [javac] 				reviver.sendPacket(Msg.WHILE_A_PET_IS_ATTEMPTING_TO_RESURRECT_IT_CANNOT_HELP_IN_RESURRECTING_ITS_MASTER);
    [javac] 				                   ^
    [javac] D:\Jogos\Lineage II\Servidores\Lucera\Souce\main\java\l2\gameserver\model\Player.java:6327: warning: [deprecation] Msg in l2.gameserver.cache has been deprecated
    [javac] 			sendPacket(Msg.SOUL_CANNOT_BE_ABSORBED_ANY_MORE);
    [javac] 			           ^
    [javac] D:\Jogos\Lineage II\Servidores\Lucera\Souce\main\java\l2\gameserver\network\l2\GameClient.java:198: warning: [deprecation] Msg in l2.gameserver.cache has been deprecated
    [javac] 			oldPlayer.sendPacket(Msg.ANOTHER_PERSON_HAS_LOGGED_IN_WITH_THE_SAME_ACCOUNT);
    [javac] 			                     ^
    [javac] D:\Jogos\Lineage II\Servidores\Lucera\Souce\main\java\l2\gameserver\model\Skill.java:460: warning: [deprecation] Msg in l2.gameserver.cache has been deprecated
    [javac] 			activeChar.sendPacket(Msg.NOT_ENOUGH_HP);
    [javac] 			                      ^
    [javac] D:\Jogos\Lineage II\Servidores\Lucera\Souce\main\java\l2\gameserver\model\Skill.java:485: warning: [deprecation] Msg in l2.gameserver.cache has been deprecated
    [javac] 				activeChar.sendPacket(Msg.OBSERVERS_CANNOT_PARTICIPATE);
    [javac] 				                      ^
    [javac] D:\Jogos\Lineage II\Servidores\Lucera\Souce\main\java\l2\gameserver\model\Skill.java:507: warning: [deprecation] Msg in l2.gameserver.cache has been deprecated
    [javac] 					player.sendPacket(Msg.ONLY_FISHING_SKILLS_ARE_AVAILABLE);
    [javac] 					                  ^
    [javac] D:\Jogos\Lineage II\Servidores\Lucera\Souce\main\java\l2\gameserver\model\Skill.java:523: warning: [deprecation] Msg in l2.gameserver.cache has been deprecated
    [javac] 			activeChar.getPlayer().sendPacket(Msg.THERE_IS_NOT_ENOUGH_SPACE_TO_MOVE_THE_SKILL_CANNOT_BE_USED);
    [javac] 			                                  ^
    [javac] D:\Jogos\Lineage II\Servidores\Lucera\Souce\main\java\l2\gameserver\model\pledge\Clan.java:775: warning: [deprecation] Msg in l2.gameserver.cache has been deprecated
    [javac] 			broadcastToOnlineMembers(Msg.SINCE_THE_CLAN_REPUTATION_SCORE_HAS_DROPPED_TO_0_OR_LOWER_YOUR_CLAN_SKILLS_WILL_BE_DE_ACTIVATED);
    [javac] 			                         ^
    [javac] D:\Jogos\Lineage II\Servidores\Lucera\Souce\main\java\l2\gameserver\model\pledge\Clan.java:785: warning: [deprecation] Msg in l2.gameserver.cache has been deprecated
    [javac] 			broadcastToOnlineMembers(Msg.THE_CLAN_SKILL_WILL_BE_ACTIVATED_BECAUSE_THE_CLANS_REPUTATION_SCORE_HAS_REACHED_TO_0_OR_HIGHER);
    [javac] 			                         ^
    [javac] D:\Jogos\Lineage II\Servidores\Lucera\Souce\main\java\l2\gameserver\model\pledge\Clan.java:1056: warning: [deprecation] Msg in l2.gameserver.cache has been deprecated
    [javac] 				player.sendPacket(Msg.YOUR_CLAN_HAS_ALREADY_ESTABLISHED_A_CLAN_ACADEMY);
    [javac] 				                  ^
    [javac] D:\Jogos\Lineage II\Servidores\Lucera\Souce\main\java\l2\gameserver\model\entity\Reflection.java:584: warning: [deprecation] SimpleSpawner in l2.gameserver.model has been deprecated
    [javac] 	public void addSpawn(SimpleSpawner spawn)
    [javac] 	                     ^
    [javac] D:\Jogos\Lineage II\Servidores\Lucera\Souce\main\java\l2\gameserver\model\entity\Reflection.java:592: warning: [deprecation] SpawnInfo in InstantZone has been deprecated
    [javac] 	public void fillSpawns(List<InstantZone.SpawnInfo> si)
    [javac] 	                                       ^
    [javac] D:\Jogos\Lineage II\Servidores\Lucera\Souce\main\java\l2\gameserver\model\entity\Reflection.java:599: warning: [deprecation] SpawnInfo in InstantZone has been deprecated
    [javac] 		for(InstantZone.SpawnInfo s : si)
    [javac] 		               ^
    [javac] D:\Jogos\Lineage II\Servidores\Lucera\Souce\main\java\l2\gameserver\model\entity\Reflection.java:601: warning: [deprecation] SimpleSpawner in l2.gameserver.model has been deprecated
    [javac] 			SimpleSpawner c;
    [javac] 			^
    [javac] D:\Jogos\Lineage II\Servidores\Lucera\Souce\main\java\l2\gameserver\model\entity\Reflection.java:608: warning: [deprecation] SimpleSpawner in l2.gameserver.model has been deprecated
    [javac] 						c = new SimpleSpawner(s.getNpcId());
    [javac] 						        ^
    [javac] D:\Jogos\Lineage II\Servidores\Lucera\Souce\main\java\l2\gameserver\model\entity\Reflection.java:628: warning: [deprecation] SimpleSpawner in l2.gameserver.model has been deprecated
    [javac] 					c = new SimpleSpawner(s.getNpcId());
    [javac] 					        ^
    [javac] D:\Jogos\Lineage II\Servidores\Lucera\Souce\main\java\l2\gameserver\model\entity\Reflection.java:647: warning: [deprecation] SimpleSpawner in l2.gameserver.model has been deprecated
    [javac] 					c = new SimpleSpawner(s.getNpcId());
    [javac] 					        ^
    [javac] D:\Jogos\Lineage II\Servidores\Lucera\Souce\main\java\l2\gameserver\model\entity\Reflection.java:830: warning: [deprecation] SimpleSpawner in l2.gameserver.model has been deprecated
    [javac] 		SimpleSpawner sp = new SimpleSpawner(NpcHolder.getInstance().getTemplate(npcId));
    [javac] 		^
    [javac] D:\Jogos\Lineage II\Servidores\Lucera\Souce\main\java\l2\gameserver\model\entity\Reflection.java:830: warning: [deprecation] SimpleSpawner in l2.gameserver.model has been deprecated
    [javac] 		SimpleSpawner sp = new SimpleSpawner(NpcHolder.getInstance().getTemplate(npcId));
    [javac] 		                       ^
    [javac] D:\Jogos\Lineage II\Servidores\Lucera\Souce\main\java\l2\gameserver\model\entity\DimensionalRift.java:120: warning: [deprecation] SimpleSpawner in l2.gameserver.model has been deprecated
    [javac] 				for(SimpleSpawner s : riftRoom.getSpawns())
    [javac] 				    ^
    [javac] D:\Jogos\Lineage II\Servidores\Lucera\Souce\main\java\l2\gameserver\model\entity\DimensionalRift.java:122: warning: [deprecation] SimpleSpawner in l2.gameserver.model has been deprecated
    [javac] 					SimpleSpawner sp = s.clone();
    [javac] 					^
    [javac] D:\Jogos\Lineage II\Servidores\Lucera\Souce\main\java\l2\gameserver\model\Fishing.java:558: warning: [deprecation] Msg in l2.gameserver.cache has been deprecated
    [javac] 		_fisher.sendPacket(Msg.STARTS_FISHING);
    [javac] 		                   ^
    [javac] D:\Jogos\Lineage II\Servidores\Lucera\Souce\main\java\l2\gameserver\model\Fishing.java:572: warning: [deprecation] Msg in l2.gameserver.cache has been deprecated
    [javac] 		_fisher.sendPacket(Msg.CANCELS_FISHING);
    [javac] 		                   ^
    [javac] D:\Jogos\Lineage II\Servidores\Lucera\Souce\main\java\l2\gameserver\model\Fishing.java:585: warning: [deprecation] Msg in l2.gameserver.cache has been deprecated
    [javac] 		_fisher.sendPacket(Msg.ENDS_FISHING);
    [javac] 		                   ^
    [javac] D:\Jogos\Lineage II\Servidores\Lucera\Souce\main\java\l2\gameserver\model\Fishing.java:656: warning: [deprecation] Msg in l2.gameserver.cache has been deprecated
    [javac] 		_fisher.sendPacket(Msg.SUCCEEDED_IN_GETTING_A_BITE);
    [javac] 		                   ^
    [javac] D:\Jogos\Lineage II\Servidores\Lucera\Souce\main\java\l2\gameserver\model\Fishing.java:689: warning: [deprecation] Msg in l2.gameserver.cache has been deprecated
    [javac] 				_fisher.sendPacket(Msg.YOU_HAVE_CAUGHT_A_MONSTER);
    [javac] 				                   ^
    [javac] D:\Jogos\Lineage II\Servidores\Lucera\Souce\main\java\l2\gameserver\model\Fishing.java:694: warning: [deprecation] Msg in l2.gameserver.cache has been deprecated
    [javac] 				_fisher.sendPacket(Msg.SUCCEEDED_IN_FISHING);
    [javac] 				                   ^
    [javac] D:\Jogos\Lineage II\Servidores\Lucera\Souce\main\java\l2\gameserver\model\Fishing.java:712: warning: [deprecation] Msg in l2.gameserver.cache has been deprecated
    [javac] 			_fisher.sendPacket(Msg.FISH_HAS_RESISTED);
    [javac] 			                   ^
    [javac] D:\Jogos\Lineage II\Servidores\Lucera\Souce\main\java\l2\gameserver\model\Fishing.java:753: warning: [deprecation] Msg in l2.gameserver.cache has been deprecated
    [javac] 				_fisher.sendPacket(Msg.THE_FISH_GOT_AWAY);
    [javac] 				                   ^
    [javac] D:\Jogos\Lineage II\Servidores\Lucera\Souce\main\java\l2\gameserver\model\Fishing.java:758: warning: [deprecation] Msg in l2.gameserver.cache has been deprecated
    [javac] 				_fisher.sendPacket(Msg.TIME_IS_UP_SO_THAT_FISH_GOT_AWAY);
    [javac] 				                   ^
    [javac] D:\Jogos\Lineage II\Servidores\Lucera\Souce\main\java\l2\gameserver\model\Fishing.java:811: warning: [deprecation] Msg in l2.gameserver.cache has been deprecated
    [javac] 				_fisher.sendPacket(Msg.BAITS_HAVE_BEEN_LOST_BECAUSE_THE_FISH_GOT_AWAY);
    [javac] 				                   ^
    [javac] D:\Jogos\Lineage II\Servidores\Lucera\Souce\main\java\l2\gameserver\model\Fishing.java:818: warning: [deprecation] Msg in l2.gameserver.cache has been deprecated
    [javac] 				_fisher.sendPacket(Msg.BAITS_HAVE_BEEN_LOST_BECAUSE_THE_FISH_GOT_AWAY);
    [javac] 				                   ^
    [javac] D:\Jogos\Lineage II\Servidores\Lucera\Souce\main\java\l2\gameserver\model\entity\oly\Competition.java:431: warning: [deprecation] Msg in l2.gameserver.cache has been deprecated
    [javac] 			broadcastPacket(tie ? Msg.THE_GAME_ENDED_IN_A_TIE : new SystemMessage(1497).addString(winn.getName()), true, true);
    [javac] 			                      ^
    [javac] D:\Jogos\Lineage II\Servidores\Lucera\Souce\main\java\l2\gameserver\model\entity\oly\Competition.java:637: warning: [deprecation] Msg in l2.gameserver.cache has been deprecated
    [javac] 			broadcastPacket(Msg.THE_GAME_HAS_BEEN_CANCELLED_BECAUSE_THE_OTHER_PARTY_ENDS_THE_GAME, true, false);
    [javac] 			                ^
    [javac] D:\Jogos\Lineage II\Servidores\Lucera\Souce\main\java\l2\gameserver\data\xml\parser\InstantZoneParser.java:101: warning: [deprecation] SpawnInfo in InstantZone has been deprecated
    [javac] 			ArrayList<InstantZone.SpawnInfo> spawns = new ArrayList<>();
    [javac] 			                     ^
    [javac] D:\Jogos\Lineage II\Servidores\Lucera\Souce\main\java\l2\gameserver\data\xml\parser\InstantZoneParser.java:296: warning: [deprecation] SpawnInfo in InstantZone has been deprecated
    [javac] 						InstantZone.SpawnInfo spawnDat = new InstantZone.SpawnInfo(spawnType, mobId, count, respawn, respawnRnd, coords, territory);
    [javac] 						           ^
    [javac] D:\Jogos\Lineage II\Servidores\Lucera\Souce\main\java\l2\gameserver\data\xml\parser\InstantZoneParser.java:296: warning: [deprecation] SpawnInfo in InstantZone has been deprecated
    [javac] 						InstantZone.SpawnInfo spawnDat = new InstantZone.SpawnInfo(spawnType, mobId, count, respawn, respawnRnd, coords, territory);
    [javac] 						                                                ^
    [javac] D:\Jogos\Lineage II\Servidores\Lucera\Souce\main\java\l2\gameserver\data\xml\parser\ResidenceParser.java:71: warning: [unchecked] unchecked call to getConstructor(Class<?>...) as a member of the raw type Class
    [javac] 			Constructor constructor = clazz.getConstructor(StatsSet.class);
    [javac] 			                                              ^
    [javac]   where T is a type-variable:
    [javac]     T extends Object declared in class Class
    [javac] D:\Jogos\Lineage II\Servidores\Lucera\Souce\main\java\l2\gameserver\data\xml\parser\RestartPointParser.java:117: warning: [unchecked] unchecked call to ImmutablePair(L,R) as a member of the raw type ImmutablePair
    [javac] 				restartArea.add(new ImmutablePair(territory, restarts));
    [javac] 				                ^
    [javac]   where L,R are type-variables:
    [javac]     L extends Object declared in class ImmutablePair
    [javac]     R extends Object declared in class ImmutablePair
    [javac] D:\Jogos\Lineage II\Servidores\Lucera\Souce\main\java\l2\gameserver\data\xml\parser\RestartPointParser.java:117: warning: [unchecked] unchecked method invocation: method add in class ArrayList is applied to given types
    [javac] 				restartArea.add(new ImmutablePair(territory, restarts));
    [javac] 				               ^
    [javac]   required: E
    [javac]   found:    ImmutablePair
    [javac]   where E is a type-variable:
    [javac]     E extends Object declared in class ArrayList
    [javac] D:\Jogos\Lineage II\Servidores\Lucera\Souce\main\java\l2\gameserver\data\xml\parser\RestartPointParser.java:117: warning: [unchecked] unchecked conversion
    [javac] 				restartArea.add(new ImmutablePair(territory, restarts));
    [javac] 				                ^
    [javac]   required: E
    [javac]   found:    ImmutablePair
    [javac]   where E is a type-variable:
    [javac]     E extends Object declared in class ArrayList
    [javac] D:\Jogos\Lineage II\Servidores\Lucera\Souce\main\java\l2\gameserver\data\xml\parser\SkillAcquireParser.java:80: warning: [unchecked] unchecked call to put(int,V) as a member of the raw type TIntObjectHashMap
    [javac] 				map.put(classId, learns);
    [javac] 				       ^
    [javac]   where V is a type-variable:
    [javac]     V extends Object declared in class TIntObjectHashMap
    [javac] D:\Jogos\Lineage II\Servidores\Lucera\Souce\main\java\l2\gameserver\data\xml\parser\SkillAcquireParser.java:82: warning: [unchecked] unchecked method invocation: method addAllNormalSkillLearns in class SkillAcquireHolder is applied to given types
    [javac] 			getHolder().addAllNormalSkillLearns(map);
    [javac] 			                                   ^
    [javac]   required: TIntObjectHashMap<List<SkillLearn>>
    [javac]   found:    TIntObjectHashMap
    [javac] D:\Jogos\Lineage II\Servidores\Lucera\Souce\main\java\l2\gameserver\data\xml\parser\SkillAcquireParser.java:82: warning: [unchecked] unchecked conversion
    [javac] 			getHolder().addAllNormalSkillLearns(map);
    [javac] 			                                    ^
    [javac]   required: TIntObjectHashMap<List<SkillLearn>>
    [javac]   found:    TIntObjectHashMap
    [javac] D:\Jogos\Lineage II\Servidores\Lucera\Souce\main\java\l2\gameserver\data\xml\parser\SpawnParser.java:186: warning: [unchecked] unchecked conversion
    [javac] 										aiParams = new MultiValueSet();
    [javac] 										           ^
    [javac]   required: MultiValueSet<String>
    [javac]   found:    MultiValueSet
    [javac] D:\Jogos\Lineage II\Servidores\Lucera\Souce\main\java\l2\gameserver\data\xml\parser\VariationChanceParser.java:61: warning: [unchecked] unchecked call to ImmutablePair(L,R) as a member of the raw type ImmutablePair
    [javac] 				groupOptions.add(new ImmutablePair(id, chance));
    [javac] 				                 ^
    [javac]   where L,R are type-variables:
    [javac]     L extends Object declared in class ImmutablePair
    [javac]     R extends Object declared in class ImmutablePair
    [javac] D:\Jogos\Lineage II\Servidores\Lucera\Souce\main\java\l2\gameserver\data\xml\parser\VariationChanceParser.java:61: warning: [unchecked] unchecked method invocation: method add in class ArrayList is applied to given types
    [javac] 				groupOptions.add(new ImmutablePair(id, chance));
    [javac] 				                ^
    [javac]   required: E
    [javac]   found:    ImmutablePair
    [javac]   where E is a type-variable:
    [javac]     E extends Object declared in class ArrayList
    [javac] D:\Jogos\Lineage II\Servidores\Lucera\Souce\main\java\l2\gameserver\data\xml\parser\VariationChanceParser.java:61: warning: [unchecked] unchecked conversion
    [javac] 				groupOptions.add(new ImmutablePair(id, chance));
    [javac] 				                 ^
    [javac]   required: E
    [javac]   found:    ImmutablePair
    [javac]   where E is a type-variable:
    [javac]     E extends Object declared in class ArrayList
    [javac] D:\Jogos\Lineage II\Servidores\Lucera\Souce\main\java\l2\gameserver\data\xml\parser\VariationChanceParser.java:64: warning: [unchecked] unchecked call to ImmutablePair(L,R) as a member of the raw type ImmutablePair
    [javac] 			variation.add(new ImmutablePair(groupOptions, groupChance));
    [javac] 			              ^
    [javac]   where L,R are type-variables:
    [javac]     L extends Object declared in class ImmutablePair
    [javac]     R extends Object declared in class ImmutablePair
    [javac] D:\Jogos\Lineage II\Servidores\Lucera\Souce\main\java\l2\gameserver\data\xml\parser\VariationChanceParser.java:64: warning: [unchecked] unchecked method invocation: method add in class ArrayList is applied to given types
    [javac] 			variation.add(new ImmutablePair(groupOptions, groupChance));
    [javac] 			             ^
    [javac]   required: E
    [javac]   found:    ImmutablePair
    [javac]   where E is a type-variable:
    [javac]     E extends Object declared in class ArrayList
    [javac] D:\Jogos\Lineage II\Servidores\Lucera\Souce\main\java\l2\gameserver\data\xml\parser\VariationChanceParser.java:64: warning: [unchecked] unchecked conversion
    [javac] 			variation.add(new ImmutablePair(groupOptions, groupChance));
    [javac] 			              ^
    [javac]   required: E
    [javac]   found:    ImmutablePair
    [javac]   where E is a type-variable:
    [javac]     E extends Object declared in class ArrayList
    [javac] D:\Jogos\Lineage II\Servidores\Lucera\Souce\main\java\l2\gameserver\data\xml\parser\VariationChanceParser.java:117: warning: [unchecked] unchecked call to ImmutablePair(L,R) as a member of the raw type ImmutablePair
    [javac] 			getHolder().add((Pair<VariationChanceData, VariationChanceData>) new ImmutablePair(warriorData, mageData));
    [javac] 			                                                                 ^
    [javac]   where L,R are type-variables:
    [javac]     L extends Object declared in class ImmutablePair
    [javac]     R extends Object declared in class ImmutablePair
    [javac] D:\Jogos\Lineage II\Servidores\Lucera\Souce\main\java\l2\gameserver\data\xml\parser\VariationChanceParser.java:117: warning: [unchecked] unchecked cast
    [javac] 			getHolder().add((Pair<VariationChanceData, VariationChanceData>) new ImmutablePair(warriorData, mageData));
    [javac] 			                                                                 ^
    [javac]   required: Pair<VariationChanceData,VariationChanceData>
    [javac]   found:    ImmutablePair
    [javac] D:\Jogos\Lineage II\Servidores\Lucera\Souce\main\java\l2\gameserver\data\xml\parser\VariationGroupParser.java:19: warning: [unchecked] unchecked conversion
    [javac] 	private final HashMap<Integer, VariationGroupData> _byMineralId = new HashMap();
    [javac] 	                                                                  ^
    [javac]   required: HashMap<Integer,VariationGroupData>
    [javac]   found:    HashMap
    [javac] D:\Jogos\Lineage II\Servidores\Lucera\Souce\main\java\l2\gameserver\database\mysql.java:117: warning: [unchecked] unchecked conversion
    [javac] 					Map<String, Object> tmp = new HashMap();
    [javac] 					                          ^
    [javac]   required: Map<String,Object>
    [javac]   found:    HashMap
    [javac] D:\Jogos\Lineage II\Servidores\Lucera\Souce\main\java\l2\gameserver\database\mysql.java:147: warning: [unchecked] unchecked conversion
    [javac] 		List<Map<String, Object>> ret = new ArrayList();
    [javac] 		                                ^
    [javac]   required: List<Map<String,Object>>
    [javac]   found:    ArrayList
    [javac] D:\Jogos\Lineage II\Servidores\Lucera\Souce\main\java\l2\gameserver\database\mysql.java:161: warning: [unchecked] unchecked conversion
    [javac] 				Map<String, Object> tmp = new HashMap();
    [javac] 				                          ^
    [javac]   required: Map<String,Object>
    [javac]   found:    HashMap
    [javac] D:\Jogos\Lineage II\Servidores\Lucera\Souce\main\java\l2\gameserver\database\mysql.java:186: warning: [unchecked] unchecked conversion
    [javac] 		List<Object> ret = new ArrayList();
    [javac] 		                   ^
    [javac]   required: List<Object>
    [javac]   found:    ArrayList
    [javac] D:\Jogos\Lineage II\Servidores\Lucera\Souce\main\java\l2\gameserver\database\mysql.java:209: warning: [unchecked] unchecked conversion
    [javac] 						Map<String, Object> tmp = new HashMap();
    [javac] 						                          ^
    [javac]   required: Map<String,Object>
    [javac]   found:    HashMap
    [javac] D:\Jogos\Lineage II\Servidores\Lucera\Souce\main\java\l2\gameserver\database\mysql.java:312: warning: [unchecked] unchecked conversion
    [javac] 			List<Integer[]> al = new ArrayList();
    [javac] 			                     ^
    [javac]   required: List<Integer[]>
    [javac]   found:    ArrayList
    [javac] D:\Jogos\Lineage II\Servidores\Lucera\Souce\main\java\l2\gameserver\geodata\GeoMove.java:27: warning: [unchecked] unchecked conversion
    [javac] 				List<Location> targetRecorder = new ArrayList(n.getPath().size() + 2);
    [javac] 				                                ^
    [javac]   required: List<Location>
    [javac]   found:    ArrayList
    [javac] D:\Jogos\Lineage II\Servidores\Lucera\Souce\main\java\l2\gameserver\geodata\GeoMove.java:66: warning: [unchecked] unchecked conversion
    [javac] 			List<List<Location>> result = new ArrayList(size);
    [javac] 			                              ^
    [javac]   required: List<List<Location>>
    [javac]   found:    ArrayList
    [javac] D:\Jogos\Lineage II\Servidores\Lucera\Souce\main\java\l2\gameserver\geodata\GeoMove.java:111: warning: [unchecked] unchecked conversion
    [javac] 			List<Location> result = new ArrayList((int) steps + 1);
    [javac] 			                        ^
    [javac]   required: List<Location>
    [javac]   found:    ArrayList
    [javac] D:\Jogos\Lineage II\Servidores\Lucera\Souce\main\java\l2\gameserver\geodata\GeoMove.java:237: warning: [unchecked] unchecked conversion
    [javac] 			List<Location> straightGeoLine = new ArrayList((int) steps + 1);
    [javac] 			                                 ^
    [javac]   required: List<Location>
    [javac]   found:    ArrayList
    [javac] D:\Jogos\Lineage II\Servidores\Lucera\Souce\main\java\l2\gameserver\geodata\GeoMove.java:283: warning: [unchecked] unchecked conversion
    [javac] 				return !geoPathLine.isEmpty() ? geoPathLine : null;
    [javac] 				                                ^
    [javac]   required: List<Location>
    [javac]   found:    List
    [javac] D:\Jogos\Lineage II\Servidores\Lucera\Souce\main\java\l2\gameserver\geodata\GeoMove.java:305: warning: [unchecked] unchecked conversion
    [javac] 					return geoPathLine.isEmpty() ? null : geoPathLine;
    [javac] 					                                      ^
    [javac]   required: List<Location>
    [javac]   found:    List
    [javac] D:\Jogos\Lineage II\Servidores\Lucera\Souce\main\java\l2\gameserver\geodata\GeoMove.java:343: warning: [unchecked] unchecked method invocation: method add in interface List is applied to given types
    [javac] 							geoPathLines.add(geoPathLine);
    [javac] 							                ^
    [javac]   required: E
    [javac]   found:    List
    [javac]   where E is a type-variable:
    [javac]     E extends Object declared in interface List
    [javac] D:\Jogos\Lineage II\Servidores\Lucera\Souce\main\java\l2\gameserver\geodata\GeoMove.java:343: warning: [unchecked] unchecked conversion
    [javac] 							geoPathLines.add(geoPathLine);
    [javac] 							                 ^
    [javac]   required: E
    [javac]   found:    List
    [javac]   where E is a type-variable:
    [javac]     E extends Object declared in interface List
    [javac] D:\Jogos\Lineage II\Servidores\Lucera\Souce\main\java\l2\gameserver\geodata\GeoMove.java:359: warning: [unchecked] unchecked method invocation: method add in interface List is applied to given types
    [javac] 								geoPathLines.add(geoFoundPathLines);
    [javac] 								                ^
    [javac]   required: E
    [javac]   found:    List
    [javac]   where E is a type-variable:
    [javac]     E extends Object declared in interface List
    [javac] D:\Jogos\Lineage II\Servidores\Lucera\Souce\main\java\l2\gameserver\geodata\GeoMove.java:359: warning: [unchecked] unchecked conversion
    [javac] 								geoPathLines.add(geoFoundPathLines);
    [javac] 								                 ^
    [javac]   required: E
    [javac]   found:    List
    [javac]   where E is a type-variable:
    [javac]     E extends Object declared in interface List
    [javac] D:\Jogos\Lineage II\Servidores\Lucera\Souce\main\java\l2\gameserver\geodata\GeoMove.java:375: warning: [unchecked] unchecked method invocation: method add in interface List is applied to given types
    [javac] 						geoPathLines.add(geoFoundPathLines);
    [javac] 						                ^
    [javac]   required: E
    [javac]   found:    List
    [javac]   where E is a type-variable:
    [javac]     E extends Object declared in interface List
    [javac] D:\Jogos\Lineage II\Servidores\Lucera\Souce\main\java\l2\gameserver\geodata\GeoMove.java:375: warning: [unchecked] unchecked conversion
    [javac] 						geoPathLines.add(geoFoundPathLines);
    [javac] 						                 ^
    [javac]   required: E
    [javac]   found:    List
    [javac]   where E is a type-variable:
    [javac]     E extends Object declared in interface List
    [javac] D:\Jogos\Lineage II\Servidores\Lucera\Souce\main\java\l2\gameserver\geodata\GeoMove.java:388: warning: [unchecked] unchecked conversion
    [javac] 									List<Location> lastGeoFoundPathLine = (List) geoFoundPathLines.remove(geoFoundPathLines.size() - 1);
    [javac] 									                                      ^
    [javac]   required: List<Location>
    [javac]   found:    List
    [javac] D:\Jogos\Lineage II\Servidores\Lucera\Souce\main\java\l2\gameserver\geodata\GeoMove.java:392: warning: [unchecked] unchecked call to add(E) as a member of the raw type List
    [javac] 										geoFoundPathLines.add(lastGeoFoundPathLine);
    [javac] 										                     ^
    [javac]   where E is a type-variable:
    [javac]     E extends Object declared in interface List
    [javac] D:\Jogos\Lineage II\Servidores\Lucera\Souce\main\java\l2\gameserver\geodata\GeoMove.java:398: warning: [unchecked] unchecked method invocation: method addAll in interface List is applied to given types
    [javac] 									geoPathLines.addAll(geoFoundPathLines);
    [javac] 									                   ^
    [javac]   required: Collection<? extends E>
    [javac]   found:    List
    [javac]   where E is a type-variable:
    [javac]     E extends Object declared in interface List
    [javac] D:\Jogos\Lineage II\Servidores\Lucera\Souce\main\java\l2\gameserver\geodata\GeoMove.java:398: warning: [unchecked] unchecked conversion
    [javac] 									geoPathLines.addAll(geoFoundPathLines);
    [javac] 									                    ^
    [javac]   required: Collection<? extends E>
    [javac]   found:    List
    [javac]   where E is a type-variable:
    [javac]     E extends Object declared in interface List
    [javac] D:\Jogos\Lineage II\Servidores\Lucera\Souce\main\java\l2\gameserver\geodata\GeoMove.java:407: warning: [unchecked] unchecked method invocation: method add in interface List is applied to given types
    [javac] 								geoPathLines.add(geoFoundPathLines);
    [javac] 								                ^
    [javac]   required: E
    [javac]   found:    List
    [javac]   where E is a type-variable:
    [javac]     E extends Object declared in interface List
    [javac] D:\Jogos\Lineage II\Servidores\Lucera\Souce\main\java\l2\gameserver\geodata\GeoMove.java:407: warning: [unchecked] unchecked conversion
    [javac] 								geoPathLines.add(geoFoundPathLines);
    [javac] 								                 ^
    [javac]   required: E
    [javac]   found:    List
    [javac]   where E is a type-variable:
    [javac]     E extends Object declared in interface List
    [javac] D:\Jogos\Lineage II\Servidores\Lucera\Souce\main\java\l2\gameserver\geodata\GeoMove.java:425: warning: [unchecked] unchecked method invocation: method applyGeoIndent in class GeoMove is applied to given types
    [javac] 							geoPathLine = applyGeoIndent(geoPathLine, indent >> 4);
    [javac] 							                            ^
    [javac]   required: List<Location>,int
    [javac]   found:    List,int
    [javac] D:\Jogos\Lineage II\Servidores\Lucera\Souce\main\java\l2\gameserver\geodata\GeoMove.java:425: warning: [unchecked] unchecked conversion
    [javac] 							geoPathLine = applyGeoIndent(geoPathLine, indent >> 4);
    [javac] 							                             ^
    [javac]   required: List<Location>
    [javac]   found:    List
    [javac] D:\Jogos\Lineage II\Servidores\Lucera\Souce\main\java\l2\gameserver\geodata\GeoMove.java:432: warning: [unchecked] unchecked method invocation: method add in interface List is applied to given types
    [javac] 								geoPathLines.add(geoPathLine);
    [javac] 								                ^
    [javac]   required: E
    [javac]   found:    List
    [javac]   where E is a type-variable:
    [javac]     E extends Object declared in interface List
    [javac] D:\Jogos\Lineage II\Servidores\Lucera\Souce\main\java\l2\gameserver\geodata\GeoMove.java:432: warning: [unchecked] unchecked conversion
    [javac] 								geoPathLines.add(geoPathLine);
    [javac] 								                 ^
    [javac]   required: E
    [javac]   found:    List
    [javac]   where E is a type-variable:
    [javac]     E extends Object declared in interface List
    [javac] D:\Jogos\Lineage II\Servidores\Lucera\Souce\main\java\l2\gameserver\geodata\GeoMove.java:446: warning: [unchecked] unchecked conversion
    [javac] 									List<Location> lastGeoFoundPathLine = (List) geoFoundPathLines.remove(geoFoundPathLines.size() - 1);
    [javac] 									                                      ^
    [javac]   required: List<Location>
    [javac]   found:    List
    [javac] D:\Jogos\Lineage II\Servidores\Lucera\Souce\main\java\l2\gameserver\geodata\GeoMove.java:450: warning: [unchecked] unchecked call to add(E) as a member of the raw type List
    [javac] 										geoFoundPathLines.add(lastGeoFoundPathLine);
    [javac] 										                     ^
    [javac]   where E is a type-variable:
    [javac]     E extends Object declared in interface List
    [javac] D:\Jogos\Lineage II\Servidores\Lucera\Souce\main\java\l2\gameserver\geodata\GeoMove.java:456: warning: [unchecked] unchecked method invocation: method addAll in interface List is applied to given types
    [javac] 									geoPathLines.addAll(geoFoundPathLines);
    [javac] 									                   ^
    [javac]   required: Collection<? extends E>
    [javac]   found:    List
    [javac]   where E is a type-variable:
    [javac]     E extends Object declared in interface List
    [javac] D:\Jogos\Lineage II\Servidores\Lucera\Souce\main\java\l2\gameserver\geodata\GeoMove.java:456: warning: [unchecked] unchecked conversion
    [javac] 									geoPathLines.addAll(geoFoundPathLines);
    [javac] 									                    ^
    [javac]   required: Collection<? extends E>
    [javac]   found:    List
    [javac]   where E is a type-variable:
    [javac]     E extends Object declared in interface List
    [javac] D:\Jogos\Lineage II\Servidores\Lucera\Souce\main\java\l2\gameserver\geodata\GeoMove.java:471: warning: [unchecked] unchecked method invocation: method add in interface List is applied to given types
    [javac] 								geoPathLines.add(geoPathLine);
    [javac] 								                ^
    [javac]   required: E
    [javac]   found:    List
    [javac]   where E is a type-variable:
    [javac]     E extends Object declared in interface List
    [javac] D:\Jogos\Lineage II\Servidores\Lucera\Souce\main\java\l2\gameserver\geodata\GeoMove.java:471: warning: [unchecked] unchecked conversion
    [javac] 								geoPathLines.add(geoPathLine);
    [javac] 								                 ^
    [javac]   required: E
    [javac]   found:    List
    [javac]   where E is a type-variable:
    [javac]     E extends Object declared in interface List
    [javac] D:\Jogos\Lineage II\Servidores\Lucera\Souce\main\java\l2\gameserver\geodata\GeoMove.java:491: warning: [unchecked] unchecked method invocation: method add in interface List is applied to given types
    [javac] 					geoPathLines.add(geoPathLine);
    [javac] 					                ^
    [javac]   required: E
    [javac]   found:    List
    [javac]   where E is a type-variable:
    [javac]     E extends Object declared in interface List
    [javac] D:\Jogos\Lineage II\Servidores\Lucera\Souce\main\java\l2\gameserver\geodata\GeoMove.java:491: warning: [unchecked] unchecked conversion
    [javac] 					geoPathLines.add(geoPathLine);
    [javac] 					                 ^
    [javac]   required: E
    [javac]   found:    List
    [javac]   where E is a type-variable:
    [javac]     E extends Object declared in interface List
    [javac] D:\Jogos\Lineage II\Servidores\Lucera\Souce\main\java\l2\gameserver\geodata\PathFindBuffers.java:22: warning: [unchecked] unchecked conversion
    [javac] 	private static final TIntObjectHashMap<PathFindBuffer[]> buffers = new TIntObjectHashMap();
    [javac] 	                                                                   ^
    [javac]   required: TIntObjectHashMap<PathFindBuffer[]>
    [javac]   found:    TIntObjectHashMap
    [javac] Note: Some input files additionally use or override a deprecated API.
    [javac] Note: Some input files additionally use or override a deprecated API that is marked for removal.
    [javac] Note: Some input files additionally use unchecked or unsafe operations.
    [javac] 100 warnings

gameserver-jar:
      [jar] Building jar: D:\Jogos\Lineage II\Servidores\Lucera\Souce\main\build\gameserver.jar

init:

compile-commons:
   [delete] Deleting directory D:\Jogos\Lineage II\Servidores\Lucera\Souce\main\build\classes
    [mkdir] Created dir: D:\Jogos\Lineage II\Servidores\Lucera\Souce\main\build\classes
    [javac] Compiling 81 source files to D:\Jogos\Lineage II\Servidores\Lucera\Souce\main\build\classes

commons-jar:
      [jar] Building jar: D:\Jogos\Lineage II\Servidores\Lucera\Souce\main\build\commons.jar

compile-scripts:
     [copy] Copying 2 files to D:\Jogos\Lineage II\Servidores\Lucera\Souce\main\dist\libs
   [delete] Deleting directory D:\Jogos\Lineage II\Servidores\Lucera\Souce\main\build\classes
    [mkdir] Created dir: D:\Jogos\Lineage II\Servidores\Lucera\Souce\main\build\classes
    [javac] Compiling 713 source files to D:\Jogos\Lineage II\Servidores\Lucera\Souce\main\build\classes
    [javac] Note: Some input files use or override a deprecated API.
    [javac] Note: Recompile with -Xlint:deprecation for details.

init:

compile-commons:
   [delete] Deleting directory D:\Jogos\Lineage II\Servidores\Lucera\Souce\main\build\classes
    [mkdir] Created dir: D:\Jogos\Lineage II\Servidores\Lucera\Souce\main\build\classes
    [javac] Compiling 81 source files to D:\Jogos\Lineage II\Servidores\Lucera\Souce\main\build\classes

commons-jar:
      [jar] Building jar: D:\Jogos\Lineage II\Servidores\Lucera\Souce\main\build\commons.jar

compile-authserver:
   [delete] Deleting directory D:\Jogos\Lineage II\Servidores\Lucera\Souce\main\build\classes
    [mkdir] Created dir: D:\Jogos\Lineage II\Servidores\Lucera\Souce\main\build\classes
    [javac] Compiling 54 source files to D:\Jogos\Lineage II\Servidores\Lucera\Souce\main\build\classes

BUILD SUCCESSFUL
Total time: 11 minutes 22 seconds
